0	0.00	0.00
1	1.00	0.00
2	2.00	0.00
3	3.00	0.00
4	4.00	0.00
5	0.00	1.00
6	1.00	1.00
7	2.00	1.00
8	3.00	1.00
9	4.00	1.00
10	0.00	2.00
11	1.00	2.00
12	2.00	2.00
13	3.00	2.00
14	4.00	2.00
15	0.00	3.00
16	1.00	3.00
17	2.00	3.00
18	3.00	3.00
19	4.00	3.00
20	0.00	4.00
21	1.00	4.00
22	2.00	4.00
23	3.00	4.00
24	4.00	4.00
