gain	0	1	-56.15
gain	1	0	-61.23
gain	0	2	-64.07
gain	2	0	-65.89
noise	0	-104.12	4.00
noise	1	-103.16	4.00
noise	2	-105.79	4.00
