gain	0	1	-66.30
gain	1	0	-65.25
noise	0	-104.18	4.00
noise	1	-104.64	4.00