gain	0	1	-66.00
gain	1	0	-66.00
noise	0	-105.00	4.00
noise	1	-105.00	4.00

