gain	0	1	-66.61
gain	1	0	-65.76
gain	1	2	-63.42
gain	2	1	-63.30
gain	2	3	-74.36
gain	3	2	-74.53
noise	0	-103.81	4.00
noise	1	-104.64	4.00
noise	2	-106.22	4.00
noise	3	-105.05	4.00
