gain	0	1	-66.61
gain	1	0	-65.76
noise	0	-103.81	4.00
noise	1	-104.64	4.00

